{
  "type": "error-result",
  "stderr": "Error parsing input file /Users/dillon/Dropbox/opensource/elm-electron/UnsupportedParameterIpc.elm\n\nUnhandled type constructor: TypeConstructor [\"IpcWithUnsupportedParam\"] ([TypeRecord ([(\"recordKey\",TypeConstructor [\"String\"] [])])])\n",
  "stdout": "",
  "status": 1
}
